[33mÔØ»[39m Building...
[32mÔ£ö[39m Building...
Application bundle generation failed. [3.215 seconds]

node.exe : 
[1m[33m[33mÔû▓ [43;
33m[[43;30mWARNING[43
;33m][0m [1mNG8107: 
The left side of this 
optional chain 
operation does not 
include 'null' or 
'undefined' in its 
type, therefore the 
'?.' operator can be 
replaced with the '.' 
operator.[0m 
[1m[35m[plugin 
angular-compiler][0m
No C:\Program Files\nod
ejs\npx.ps1:29 
caractere:3
+   & $NODE_EXE 
$NPX_CLI_JS $args
+   ~~~~~~~~~~~~~~~~~~~
~~~~~~~~~~
    + CategoryInfo     
         : NotSpecifi  
  ed: ([1m[33m[33   
 mÔ...r-compiler][    
0m:String) [], Rem    
oteException
    + FullyQualifiedEr 
   rorId : NativeComm  
  andError
 

    src/app/pages/dashb
oard/goals/components/g
oal-card/goal-card.comp
onent.html:2:21:
[37m      2 Ôöé     [n
gClass]="goal?.[32misP
rimary[37m ? 
'border-2 
border-slate-900' : 
'bor...
        ÔòÁ            
          
[32m~~~~~~~~~[0m

  Error occurs in the 
template of component 
GoalCardComponent.

    src/app/pages/dashb
oard/goals/components/g
oal-card/goal-card.comp
onent.ts:9:15:
[37m      9 Ôöé   
templateUrl: [32m'./go
al-card.component.html'
[37m,
        ÔòÁ            
    [32m~~~~~~~~~~~~~~
~~~~~~~~~~~~~~[0m


[33mÔû▓ [43;33m[[43;
30mWARNING[43;33m][0m
 [1mNG8107: The left 
side of this optional 
chain operation does 
not include 'null' or 
'undefined' in its 
type, therefore the 
'?.' operator can be 
replaced with the '.' 
operator.[0m 
[1m[35m[plugin 
angular-compiler][0m

    src/app/pages/dashb
oard/goals/components/g
oal-card/goal-card.comp
onent.html:5:23:
[37m      5 Ôöé       
      @if (goal?.[32mi
sPrimary[37m) {
        ÔòÁ            
            
[32m~~~~~~~~~[0m

  Error occurs in the 
template of component 
GoalCardComponent.

    src/app/pages/dashb
oard/goals/components/g
oal-card/goal-card.comp
onent.ts:9:15:
[37m      9 Ôöé   
templateUrl: [32m'./go
al-card.component.html'
[37m,
        ÔòÁ            
    [32m~~~~~~~~~~~~~~
~~~~~~~~~~~~~~[0m


[33mÔû▓ [43;33m[[43;
30mWARNING[43;33m][0m
 [1mNG8107: The left 
side of this optional 
chain operation does 
not include 'null' or 
'undefined' in its 
type, therefore the 
'?.' operator can be 
replaced with the '.' 
operator.[0m 
[1m[35m[plugin 
angular-compiler][0m

    src/app/pages/dashb
oard/goals/components/g
oal-card/goal-card.comp
onent.html:11:81:
[37m      11 Ôöé 
..."text-lg font-bold 
text-slate-900 
truncate" [title]="goal
?.[32mtitle[37m">
         ÔòÁ           
                       
                       
      [32m~~~~~[0m

  Error occurs in the 
template of component 
GoalCardComponent.

    src/app/pages/dashb
oard/goals/components/g
oal-card/goal-card.comp
onent.ts:9:15:
[37m      9 Ôöé   
templateUrl: [32m'./go
al-card.component.html'
[37m,
        ÔòÁ            
    [32m~~~~~~~~~~~~~~
~~~~~~~~~~~~~~[0m


[33mÔû▓ [43;33m[[43;
30mWARNING[43;33m][0m
 [1mNG8107: The left 
side of this optional 
chain operation does 
not include 'null' or 
'undefined' in its 
type, therefore the 
'?.' operator can be 
replaced with the '.' 
operator.[0m 
[1m[35m[plugin 
angular-compiler][0m

    src/app/pages/dashb
oard/goals/components/g
oal-card/goal-card.comp
onent.html:12:25:
[37m      12 Ôöé      
           {{ 
goal?.[32mtitle[37m 
}}
         ÔòÁ           
               
[32m~~~~~[0m

  Error occurs in the 
template of component 
GoalCardComponent.

    src/app/pages/dashb
oard/goals/components/g
oal-card/goal-card.comp
onent.ts:9:15:
[37m      9 Ôöé   
templateUrl: [32m'./go
al-card.component.html'
[37m,
        ÔòÁ            
    [32m~~~~~~~~~~~~~~
~~~~~~~~~~~~~~[0m


[33mÔû▓ [43;33m[[43;
30mWARNING[43;33m][0m
 [1mNG8107: The left 
side of this optional 
chain operation does 
not include 'null' or 
'undefined' in its 
type, therefore the 
'?.' operator can be 
replaced with the '.' 
operator.[0m 
[1m[35m[plugin 
angular-compiler][0m

    src/app/pages/dashb
oard/goals/components/g
oal-card/goal-card.comp
onent.html:17:15:
[37m      17 Ôöé     
@if (goal?.[32mdescrip
tion[37m) {
         ÔòÁ           
     
[32m~~~~~~~~~~~[0m

  Error occurs in the 
template of component 
GoalCardComponent.

    src/app/pages/dashb
oard/goals/components/g
oal-card/goal-card.comp
onent.ts:9:15:
[37m      9 Ôöé   
templateUrl: [32m'./go
al-card.component.html'
[37m,
        ÔòÁ            
    [32m~~~~~~~~~~~~~~
~~~~~~~~~~~~~~[0m


[33mÔû▓ [43;33m[[43;
30mWARNING[43;33m][0m
 [1mNG8107: The left 
side of this optional 
chain operation does 
not include 'null' or 
'undefined' in its 
type, therefore the 
'?.' operator can be 
replaced with the '.' 
operator.[0m 
[1m[35m[plugin 
angular-compiler][0m

    src/app/pages/dashb
oard/goals/components/g
oal-card/goal-card.comp
onent.html:19:17:
[37m      19 Ôöé      
   {{ goal?.[32mdescri
ption[37m }}
         ÔòÁ           
       
[32m~~~~~~~~~~~[0m

  Error occurs in the 
template of component 
GoalCardComponent.

    src/app/pages/dashb
oard/goals/components/g
oal-card/goal-card.comp
onent.ts:9:15:
[37m      9 Ôöé   
templateUrl: [32m'./go
al-card.component.html'
[37m,
        ÔòÁ            
    [32m~~~~~~~~~~~~~~
~~~~~~~~~~~~~~[0m


[33mÔû▓ [43;33m[[43;
30mWARNING[43;33m][0m
 [1mNG8107: The left 
side of this optional 
chain operation does 
not include 'null' or 
'undefined' in its 
type, therefore the 
'?.' operator can be 
replaced with the '.' 
operator.[0m 
[1m[35m[plugin 
angular-compiler][0m

    src/app/pages/dashb
oard/goals/components/g
oal-card/goal-card.comp
onent.html:30:79:
[37m      30 Ôöé 
...bold 
text-slate-900">{{ Math
.round(goal?.[32mprogr
ess[37m || 0) 
}}%</span>
         ÔòÁ           
                       
           
[32m~~~~~~~~[0m

  Error occurs in the 
template of component 
GoalCardComponent.

    src/app/pages/dashb
oard/goals/components/g
oal-card/goal-card.comp
onent.ts:9:15:
[37m      9 Ôöé   
templateUrl: [32m'./go
al-card.component.html'
[37m,
        ÔòÁ            
    [32m~~~~~~~~~~~~~~
~~~~~~~~~~~~~~[0m


[33mÔû▓ [43;33m[[43;
30mWARNING[43;33m][0m
 [1mNG8107: The left 
side of this optional 
chain operation does 
not include 'null' or 
'undefined' in its 
type, therefore the 
'?.' operator can be 
replaced with the '.' 
operator.[0m 
[1m[35m[plugin 
angular-compiler][0m

    src/app/pages/dashb
oard/goals/components/g
oal-card/goal-card.comp
onent.html:34:38:
[37m      34 Ôöé      
           [style.width
]="(goal?.[32mprogress
[37m || 0) + '%'">
         ÔòÁ           
                       
     [32m~~~~~~~~[0m

  Error occurs in the 
template of component 
GoalCardComponent.

    src/app/pages/dashb
oard/goals/components/g
oal-card/goal-card.comp
onent.ts:9:15:
[37m      9 Ôöé   
templateUrl: [32m'./go
al-card.component.html'
[37m,
        ÔòÁ            
    [32m~~~~~~~~~~~~~~
~~~~~~~~~~~~~~[0m


[33mÔû▓ [43;33m[[43;
30mWARNING[43;33m][0m
 [1mNG8107: The left 
side of this optional 
chain operation does 
not include 'null' or 
'undefined' in its 
type, therefore the 
'?.' operator can be 
replaced with the '.' 
operator.[0m 
[1m[35m[plugin 
angular-compiler][0m

    src/app/pages/dashb
oard/goals/components/g
oal-card/goal-card.comp
onent.html:48:21:
[37m      48 Ôöé      
       {{ goal?.[32mde
adline[37m ? 
(goal?.deadline | 
date:'shortDate'...
         ÔòÁ           
           
[32m~~~~~~~~[0m

  Error occurs in the 
template of component 
GoalCardComponent.

    src/app/pages/dashb
oard/goals/components/g
oal-card/goal-card.comp
onent.ts:9:15:
[37m      9 Ôöé   
templateUrl: [32m'./go
al-card.component.html'
[37m,
        ÔòÁ            
    [32m~~~~~~~~~~~~~~
~~~~~~~~~~~~~~[0m


[33mÔû▓ [43;33m[[43;
30mWARNING[43;33m][0m
 [1mNG8107: The left 
side of this optional 
chain operation does 
not include 'null' or 
'undefined' in its 
type, therefore the 
'?.' operator can be 
replaced with the '.' 
operator.[0m 
[1m[35m[plugin 
angular-compiler][0m

    src/app/pages/dashb
oard/goals/components/g
oal-card/goal-card.comp
onent.html:48:39:
[37m      48 Ôöé ... 
{{ goal?.deadline ? (go
al?.[32mdeadline[37m 
| date:'shortDate') : 
"Sem...
         ÔòÁ           
                     
[32m~~~~~~~~[0m

  Error occurs in the 
template of component 
GoalCardComponent.

    src/app/pages/dashb
oard/goals/components/g
oal-card/goal-card.comp
onent.ts:9:15:
[37m      9 Ôöé   
templateUrl: [32m'./go
al-card.component.html'
[37m,
        ÔòÁ            
    [32m~~~~~~~~~~~~~~
~~~~~~~~~~~~~~[0m

[39m[22m
[1m[31m[31mX [41;31
m[[41;97mERROR[41;31m
][0m [1mNG9: 
Property 'isPrimary' 
does not exist on type 
'Goal'.[0m 
[1m[35m[plugin 
angular-compiler][0m

    src/app/pages/dashb
oard/goals/components/g
oal-card/goal-card.comp
onent.html:2:21:
[37m      2 Ôöé     [n
gClass]="goal?.[32misP
rimary[37m ? 
'border-2 
border-slate-900' : 
'bor...
        ÔòÁ            
          
[32m~~~~~~~~~[0m

  Error occurs in the 
template of component 
GoalCardComponent.

    src/app/pages/dashb
oard/goals/components/g
oal-card/goal-card.comp
onent.ts:9:15:
[37m      9 Ôöé   
templateUrl: [32m'./go
al-card.component.html'
[37m,
        ÔòÁ            
    [32m~~~~~~~~~~~~~~
~~~~~~~~~~~~~~[0m


[31mX [41;31m[[41;97
mERROR[41;31m][0m 
[1mNG9: Property 
'isPrimary' does not 
exist on type 
'Goal'.[0m 
[1m[35m[plugin 
angular-compiler][0m

    src/app/pages/dashb
oard/goals/components/g
oal-card/goal-card.comp
onent.html:5:23:
[37m      5 Ôöé       
      @if (goal?.[32mi
sPrimary[37m) {
        ÔòÁ            
            
[32m~~~~~~~~~[0m

  Error occurs in the 
template of component 
GoalCardComponent.

    src/app/pages/dashb
oard/goals/components/g
oal-card/goal-card.comp
onent.ts:9:15:
[37m      9 Ôöé   
templateUrl: [32m'./go
al-card.component.html'
[37m,
        ÔòÁ            
    [32m~~~~~~~~~~~~~~
~~~~~~~~~~~~~~[0m


[31mX [41;31m[[41;97
mERROR[41;31m][0m 
[1mNG9: Property 
'Math' does not exist 
on type 'GoalCardCompon
ent'.[0m 
[1m[35m[plugin 
angular-compiler][0m

    src/app/pages/dashb
oard/goals/components/g
oal-card/goal-card.comp
onent.html:30:62:
[37m      30 Ôöé ... 
font-bold 
text-slate-900">{{ [32
mMath[37m.round(goal?.
progress || 0) }...
         ÔòÁ           
                       
[32m~~~~[0m

  Error occurs in the 
template of component 
GoalCardComponent.

    src/app/pages/dashb
oard/goals/components/g
oal-card/goal-card.comp
onent.ts:9:15:
[37m      9 Ôöé   
templateUrl: [32m'./go
al-card.component.html'
[37m,
        ÔòÁ            
    [32m~~~~~~~~~~~~~~
~~~~~~~~~~~~~~[0m


[31mX [41;31m[[41;97
mERROR[41;31m][0m 
[1mNG9: Property 
'deadline' does not 
exist on type 
'Goal'.[0m 
[1m[35m[plugin 
angular-compiler][0m

    src/app/pages/dashb
oard/goals/components/g
oal-card/goal-card.comp
onent.html:48:21:
[37m      48 Ôöé      
       {{ goal?.[32mde
adline[37m ? 
(goal?.deadline | 
date:'shortDate'...
         ÔòÁ           
           
[32m~~~~~~~~[0m

  Error occurs in the 
template of component 
GoalCardComponent.

    src/app/pages/dashb
oard/goals/components/g
oal-card/goal-card.comp
onent.ts:9:15:
[37m      9 Ôöé   
templateUrl: [32m'./go
al-card.component.html'
[37m,
        ÔòÁ            
    [32m~~~~~~~~~~~~~~
~~~~~~~~~~~~~~[0m


[31mX [41;31m[[41;97
mERROR[41;31m][0m 
[1mNG9: Property 
'deadline' does not 
exist on type 
'Goal'.[0m 
[1m[35m[plugin 
angular-compiler][0m

    src/app/pages/dashb
oard/goals/components/g
oal-card/goal-card.comp
onent.html:48:39:
[37m      48 Ôöé ... 
{{ goal?.deadline ? (go
al?.[32mdeadline[37m 
| date:'shortDate') : 
"Sem...
         ÔòÁ           
                     
[32m~~~~~~~~[0m

  Error occurs in the 
template of component 
GoalCardComponent.

    src/app/pages/dashb
oard/goals/components/g
oal-card/goal-card.comp
onent.ts:9:15:
[37m      9 Ôöé   
templateUrl: [32m'./go
al-card.component.html'
[37m,
        ÔòÁ            
    [32m~~~~~~~~~~~~~~
~~~~~~~~~~~~~~[0m


[31mX [41;31m[[41;97
mERROR[41;31m][0m 
[1mNG9: Property 
'handleCreateHabit' 
does not exist on type 
'HabitsComponent'.[0m 
[1m[35m[plugin 
angular-compiler][0m

    src/app/pages/dashb
oard/habits/habits.comp
onent.html:122:18:
[37m      122 Ôöé     
    (onSave)="[32mhand
leCreateHabit[37m($eve
nt)">
          ÔòÁ          
         [32m~~~~~~~~~
~~~~~~~~[0m

  Error occurs in the 
template of component 
HabitsComponent.

    src/app/pages/dashb
oard/habits/habits.comp
onent.ts:12:15:
[37m      12 Ôöé   
templateUrl: [32m'./ha
bits.component.html'[3
7m,
         ÔòÁ           
     [32m~~~~~~~~~~~~~
~~~~~~~~~~~~[0m

[39m[22m
